// Jest Snapshot v1, https://goo.gl/fbAQLP

exports[`pack 1`] = `"{\\"meta\\":{\\"packer\\":\\"pako\\"},\\"data\\":\\"x®V*©,HU²2ÐQJI,IT²ª®ÕQ*ÉÌM-.IÌ-P²2457·06³0\\\\u0000ÚX\\\\u0000v¯\\\\u000ex\\"}"`;
